# serializer version: 1
# name: test_full_pipeline_integration[session_08463d03-1928-4b7f-b2bc-763b73d094db]
  dict({
    'chunks': list([
      dict({
        'chunk_id': '08463d03-1928-4b7f-b2bc-763b73d094db-chunk000',
        'dom_initialized_from_snapshot': True,
        'dom_state_nodes_after_init': 114,
        'dom_state_nodes_before': 0,
        'dom_state_nodes_final': 299,
        'end_time': 1746826225281,
        'features': dict({
          'dom_mutation_stats': dict({
            'add': 185,
            'attribute': 1460,
            'remove': 6,
          }),
          'inter_event_delays': 367,
          'interaction_stats': dict({
          }),
          'mouse_clusters': 0,
          'reaction_delays': 0,
          'scroll_patterns': 0,
          'ui_nodes': 195,
        }),
        'has_snapshot_before': True,
        'num_events': 368,
        'session_id': '08463d03-1928-4b7f-b2bc-763b73d094db',
        'start_time': 1746826219175,
      }),
      dict({
        'chunk_id': '08463d03-1928-4b7f-b2bc-763b73d094db-chunk001',
        'dom_initialized_from_snapshot': False,
        'dom_state_nodes_after_init': 299,
        'dom_state_nodes_before': 299,
        'dom_state_nodes_final': 299,
        'end_time': 1746826245485,
        'features': dict({
          'dom_mutation_stats': dict({
            'remove': 1,
          }),
          'inter_event_delays': 0,
          'interaction_stats': dict({
          }),
          'mouse_clusters': 0,
          'reaction_delays': 0,
          'scroll_patterns': 0,
          'ui_nodes': 1,
        }),
        'has_snapshot_before': False,
        'num_events': 1,
        'session_id': '08463d03-1928-4b7f-b2bc-763b73d094db',
        'start_time': 1746826245485,
      }),
      dict({
        'chunk_id': '08463d03-1928-4b7f-b2bc-763b73d094db-chunk002',
        'dom_initialized_from_snapshot': False,
        'dom_state_nodes_after_init': 299,
        'dom_state_nodes_before': 299,
        'dom_state_nodes_final': 299,
        'end_time': 1746826265719,
        'features': dict({
          'dom_mutation_stats': dict({
            'remove': 1,
          }),
          'inter_event_delays': 0,
          'interaction_stats': dict({
          }),
          'mouse_clusters': 0,
          'reaction_delays': 0,
          'scroll_patterns': 0,
          'ui_nodes': 1,
        }),
        'has_snapshot_before': False,
        'num_events': 1,
        'session_id': '08463d03-1928-4b7f-b2bc-763b73d094db',
        'start_time': 1746826265719,
      }),
      dict({
        'chunk_id': '08463d03-1928-4b7f-b2bc-763b73d094db-chunk003',
        'dom_initialized_from_snapshot': False,
        'dom_state_nodes_after_init': 299,
        'dom_state_nodes_before': 299,
        'dom_state_nodes_final': 1831,
        'end_time': 1746826346614,
        'features': dict({
          'dom_mutation_stats': dict({
            'add': 1532,
            'attribute': 26,
            'remove': 55,
          }),
          'inter_event_delays': 49,
          'interaction_stats': dict({
            'click': 29,
          }),
          'mouse_clusters': 0,
          'reaction_delays': 21,
          'scroll_patterns': 0,
          'ui_nodes': 1557,
        }),
        'has_snapshot_before': False,
        'num_events': 50,
        'session_id': '08463d03-1928-4b7f-b2bc-763b73d094db',
        'start_time': 1746826331801,
      }),
    ]),
    'error': None,
  })
# ---
# name: test_full_pipeline_integration[session_25131bfa-d87f-4301-8f84-ac0c955b8f4c]
  dict({
    'chunks': list([
      dict({
        'chunk_id': '25131bfa-d87f-4301-8f84-ac0c955b8f4c-chunk000',
        'dom_initialized_from_snapshot': True,
        'dom_state_nodes_after_init': 114,
        'dom_state_nodes_before': 0,
        'dom_state_nodes_final': 1165,
        'end_time': 1749315520044,
        'features': dict({
          'dom_mutation_stats': dict({
            'add': 1051,
            'attribute': 240,
            'remove': 50,
          }),
          'inter_event_delays': 281,
          'interaction_stats': dict({
            'click': 114,
            'input': 3,
          }),
          'mouse_clusters': 0,
          'reaction_delays': 104,
          'scroll_patterns': 0,
          'ui_nodes': 1064,
        }),
        'has_snapshot_before': True,
        'num_events': 282,
        'session_id': '25131bfa-d87f-4301-8f84-ac0c955b8f4c',
        'start_time': 1749315510793,
      }),
    ]),
    'error': None,
  })
# ---
# name: test_full_pipeline_integration[session_30497eae-825d-433d-a484-4b75074332b2]
  dict({
    'chunks': list([
      dict({
        'chunk_id': '30497eae-825d-433d-a484-4b75074332b2-chunk000',
        'dom_initialized_from_snapshot': True,
        'dom_state_nodes_after_init': 114,
        'dom_state_nodes_before': 0,
        'dom_state_nodes_final': 215,
        'end_time': 1746226650324,
        'features': dict({
          'dom_mutation_stats': dict({
            'add': 101,
            'attribute': 1314,
            'remove': 6,
          }),
          'inter_event_delays': 331,
          'interaction_stats': dict({
          }),
          'mouse_clusters': 0,
          'reaction_delays': 0,
          'scroll_patterns': 0,
          'ui_nodes': 112,
        }),
        'has_snapshot_before': True,
        'num_events': 332,
        'session_id': '30497eae-825d-433d-a484-4b75074332b2',
        'start_time': 1746226644865,
      }),
      dict({
        'chunk_id': '30497eae-825d-433d-a484-4b75074332b2-chunk002',
        'dom_initialized_from_snapshot': False,
        'dom_state_nodes_after_init': 215,
        'dom_state_nodes_before': 215,
        'dom_state_nodes_final': 371,
        'end_time': 1746232592744,
        'features': dict({
          'dom_mutation_stats': dict({
            'add': 156,
            'attribute': 6,
            'remove': 5,
          }),
          'inter_event_delays': 7,
          'interaction_stats': dict({
            'click': 4,
          }),
          'mouse_clusters': 0,
          'reaction_delays': 3,
          'scroll_patterns': 0,
          'ui_nodes': 167,
        }),
        'has_snapshot_before': False,
        'num_events': 8,
        'session_id': '30497eae-825d-433d-a484-4b75074332b2',
        'start_time': 1746232585790,
      }),
      dict({
        'chunk_id': '30497eae-825d-433d-a484-4b75074332b2-chunk003',
        'dom_initialized_from_snapshot': False,
        'dom_state_nodes_after_init': 371,
        'dom_state_nodes_before': 371,
        'dom_state_nodes_final': 518,
        'end_time': 1746232610693,
        'features': dict({
          'dom_mutation_stats': dict({
            'add': 147,
            'attribute': 4,
            'remove': 6,
          }),
          'inter_event_delays': 7,
          'interaction_stats': dict({
            'click': 5,
          }),
          'mouse_clusters': 0,
          'reaction_delays': 3,
          'scroll_patterns': 0,
          'ui_nodes': 157,
        }),
        'has_snapshot_before': False,
        'num_events': 8,
        'session_id': '30497eae-825d-433d-a484-4b75074332b2',
        'start_time': 1746232610051,
      }),
      dict({
        'chunk_id': '30497eae-825d-433d-a484-4b75074332b2-chunk004',
        'dom_initialized_from_snapshot': False,
        'dom_state_nodes_after_init': 518,
        'dom_state_nodes_before': 518,
        'dom_state_nodes_final': 2220,
        'end_time': 1746232682782,
        'features': dict({
          'dom_mutation_stats': dict({
            'add': 1702,
            'attribute': 87,
            'remove': 51,
          }),
          'inter_event_delays': 209,
          'interaction_stats': dict({
            'click': 48,
            'input': 62,
            'scroll': 14,
          }),
          'mouse_clusters': 0,
          'reaction_delays': 39,
          'scroll_patterns': 4,
          'ui_nodes': 1719,
        }),
        'has_snapshot_before': False,
        'num_events': 210,
        'session_id': '30497eae-825d-433d-a484-4b75074332b2',
        'start_time': 1746232631883,
      }),
      dict({
        'chunk_id': '30497eae-825d-433d-a484-4b75074332b2-chunk005',
        'dom_initialized_from_snapshot': False,
        'dom_state_nodes_after_init': 2220,
        'dom_state_nodes_before': 2220,
        'dom_state_nodes_final': 2220,
        'end_time': 1746232708859,
        'features': dict({
          'dom_mutation_stats': dict({
            'attribute': 48,
          }),
          'inter_event_delays': 103,
          'interaction_stats': dict({
            'click': 8,
            'input': 48,
          }),
          'mouse_clusters': 0,
          'reaction_delays': 7,
          'scroll_patterns': 0,
          'ui_nodes': 1,
        }),
        'has_snapshot_before': False,
        'num_events': 104,
        'session_id': '30497eae-825d-433d-a484-4b75074332b2',
        'start_time': 1746232693928,
      }),
      dict({
        'chunk_id': '30497eae-825d-433d-a484-4b75074332b2-chunk006',
        'dom_initialized_from_snapshot': False,
        'dom_state_nodes_after_init': 2220,
        'dom_state_nodes_before': 2220,
        'dom_state_nodes_final': 2237,
        'end_time': 1746232735124,
        'features': dict({
          'dom_mutation_stats': dict({
            'add': 17,
            'attribute': 20,
            'remove': 3,
          }),
          'inter_event_delays': 52,
          'interaction_stats': dict({
            'click': 2,
            'input': 20,
            'scroll': 9,
          }),
          'mouse_clusters': 0,
          'reaction_delays': 2,
          'scroll_patterns': 0,
          'ui_nodes': 21,
        }),
        'has_snapshot_before': False,
        'num_events': 53,
        'session_id': '30497eae-825d-433d-a484-4b75074332b2',
        'start_time': 1746232719790,
      }),
      dict({
        'chunk_id': '30497eae-825d-433d-a484-4b75074332b2-chunk007',
        'dom_initialized_from_snapshot': False,
        'dom_state_nodes_after_init': 2237,
        'dom_state_nodes_before': 2237,
        'dom_state_nodes_final': 2379,
        'end_time': 1746232761042,
        'features': dict({
          'dom_mutation_stats': dict({
            'add': 142,
            'attribute': 47,
            'remove': 5,
          }),
          'inter_event_delays': 42,
          'interaction_stats': dict({
            'click': 13,
          }),
          'mouse_clusters': 0,
          'reaction_delays': 11,
          'scroll_patterns': 0,
          'ui_nodes': 146,
        }),
        'has_snapshot_before': False,
        'num_events': 43,
        'session_id': '30497eae-825d-433d-a484-4b75074332b2',
        'start_time': 1746232746414,
      }),
      dict({
        'chunk_id': '30497eae-825d-433d-a484-4b75074332b2-chunk008',
        'dom_initialized_from_snapshot': False,
        'dom_state_nodes_after_init': 2379,
        'dom_state_nodes_before': 2379,
        'dom_state_nodes_final': 2379,
        'end_time': 1746232782761,
        'features': dict({
          'dom_mutation_stats': dict({
            'attribute': 37,
            'remove': 3,
          }),
          'inter_event_delays': 24,
          'interaction_stats': dict({
            'click': 6,
          }),
          'mouse_clusters': 0,
          'reaction_delays': 6,
          'scroll_patterns': 0,
          'ui_nodes': 12,
        }),
        'has_snapshot_before': False,
        'num_events': 25,
        'session_id': '30497eae-825d-433d-a484-4b75074332b2',
        'start_time': 1746232772159,
      }),
      dict({
        'chunk_id': '30497eae-825d-433d-a484-4b75074332b2-chunk009',
        'dom_initialized_from_snapshot': False,
        'dom_state_nodes_after_init': 2379,
        'dom_state_nodes_before': 2379,
        'dom_state_nodes_final': 2379,
        'end_time': 1746232805290,
        'features': dict({
          'dom_mutation_stats': dict({
            'attribute': 1,
          }),
          'inter_event_delays': 22,
          'interaction_stats': dict({
            'scroll': 22,
          }),
          'mouse_clusters': 0,
          'reaction_delays': 0,
          'scroll_patterns': 0,
          'ui_nodes': 2,
        }),
        'has_snapshot_before': False,
        'num_events': 23,
        'session_id': '30497eae-825d-433d-a484-4b75074332b2',
        'start_time': 1746232793076,
      }),
      dict({
        'chunk_id': '30497eae-825d-433d-a484-4b75074332b2-chunk010',
        'dom_initialized_from_snapshot': False,
        'dom_state_nodes_after_init': 2379,
        'dom_state_nodes_before': 2379,
        'dom_state_nodes_final': 2379,
        'end_time': 1746232824107,
        'features': dict({
          'dom_mutation_stats': dict({
          }),
          'inter_event_delays': 2,
          'interaction_stats': dict({
            'scroll': 3,
          }),
          'mouse_clusters': 0,
          'reaction_delays': 0,
          'scroll_patterns': 0,
          'ui_nodes': 1,
        }),
        'has_snapshot_before': False,
        'num_events': 3,
        'session_id': '30497eae-825d-433d-a484-4b75074332b2',
        'start_time': 1746232823906,
      }),
    ]),
    'error': None,
  })
# ---
# name: test_full_pipeline_integration[session_6c720608-fa29-41cb-9594-5c080fc05343]
  dict({
    'chunks': list([
      dict({
        'chunk_id': '6c720608-fa29-41cb-9594-5c080fc05343-chunk000',
        'dom_initialized_from_snapshot': True,
        'dom_state_nodes_after_init': 114,
        'dom_state_nodes_before': 0,
        'dom_state_nodes_final': 2357,
        'end_time': 1746708032649,
        'features': dict({
          'dom_mutation_stats': dict({
            'add': 2740,
            'attribute': 1222,
            'remove': 77,
          }),
          'inter_event_delays': 555,
          'interaction_stats': dict({
            'click': 112,
            'input': 4,
            'scroll': 14,
          }),
          'mouse_clusters': 0,
          'reaction_delays': 109,
          'scroll_patterns': 10,
          'ui_nodes': 2272,
        }),
        'has_snapshot_before': True,
        'num_events': 556,
        'session_id': '6c720608-fa29-41cb-9594-5c080fc05343',
        'start_time': 1746707978165,
      }),
      dict({
        'chunk_id': '6c720608-fa29-41cb-9594-5c080fc05343-chunk004',
        'dom_initialized_from_snapshot': False,
        'dom_state_nodes_after_init': 2357,
        'dom_state_nodes_before': 2357,
        'dom_state_nodes_final': 2357,
        'end_time': 1746755913409,
        'features': dict({
          'dom_mutation_stats': dict({
          }),
          'inter_event_delays': 2,
          'interaction_stats': dict({
            'click': 3,
          }),
          'mouse_clusters': 0,
          'reaction_delays': 0,
          'scroll_patterns': 0,
          'ui_nodes': 1,
        }),
        'has_snapshot_before': False,
        'num_events': 3,
        'session_id': '6c720608-fa29-41cb-9594-5c080fc05343',
        'start_time': 1746755913308,
      }),
    ]),
    'error': None,
  })
# ---
# name: test_full_pipeline_integration[session_e1e2280b-47ff-4be0-bab5-85c1ec4202a1]
  dict({
    'chunks': list([
      dict({
        'chunk_id': 'e1e2280b-47ff-4be0-bab5-85c1ec4202a1-chunk000',
        'dom_initialized_from_snapshot': True,
        'dom_state_nodes_after_init': 114,
        'dom_state_nodes_before': 0,
        'dom_state_nodes_final': 127,
        'end_time': 1746907449154,
        'features': dict({
          'dom_mutation_stats': dict({
            'add': 13,
            'attribute': 32,
            'remove': 6,
          }),
          'inter_event_delays': 11,
          'interaction_stats': dict({
          }),
          'mouse_clusters': 0,
          'reaction_delays': 0,
          'scroll_patterns': 0,
          'ui_nodes': 23,
        }),
        'has_snapshot_before': True,
        'num_events': 12,
        'session_id': 'e1e2280b-47ff-4be0-bab5-85c1ec4202a1',
        'start_time': 1746907449033,
      }),
      dict({
        'chunk_id': 'e1e2280b-47ff-4be0-bab5-85c1ec4202a1-chunk002',
        'dom_initialized_from_snapshot': False,
        'dom_state_nodes_after_init': 127,
        'dom_state_nodes_before': 127,
        'dom_state_nodes_final': 159,
        'end_time': 1746907706666,
        'features': dict({
          'dom_mutation_stats': dict({
            'add': 32,
          }),
          'inter_event_delays': 0,
          'interaction_stats': dict({
          }),
          'mouse_clusters': 0,
          'reaction_delays': 0,
          'scroll_patterns': 0,
          'ui_nodes': 32,
        }),
        'has_snapshot_before': False,
        'num_events': 1,
        'session_id': 'e1e2280b-47ff-4be0-bab5-85c1ec4202a1',
        'start_time': 1746907706666,
      }),
      dict({
        'chunk_id': 'e1e2280b-47ff-4be0-bab5-85c1ec4202a1-chunk003',
        'dom_initialized_from_snapshot': False,
        'dom_state_nodes_after_init': 159,
        'dom_state_nodes_before': 159,
        'dom_state_nodes_final': 159,
        'end_time': 1746907716672,
        'features': dict({
          'dom_mutation_stats': dict({
            'remove': 1,
          }),
          'inter_event_delays': 0,
          'interaction_stats': dict({
          }),
          'mouse_clusters': 0,
          'reaction_delays': 0,
          'scroll_patterns': 0,
          'ui_nodes': 1,
        }),
        'has_snapshot_before': False,
        'num_events': 1,
        'session_id': 'e1e2280b-47ff-4be0-bab5-85c1ec4202a1',
        'start_time': 1746907716672,
      }),
      dict({
        'chunk_id': 'e1e2280b-47ff-4be0-bab5-85c1ec4202a1-chunk004',
        'dom_initialized_from_snapshot': False,
        'dom_state_nodes_after_init': 159,
        'dom_state_nodes_before': 159,
        'dom_state_nodes_final': 359,
        'end_time': 1746907817055,
        'features': dict({
          'dom_mutation_stats': dict({
            'add': 200,
            'remove': 1,
          }),
          'inter_event_delays': 1,
          'interaction_stats': dict({
          }),
          'mouse_clusters': 0,
          'reaction_delays': 0,
          'scroll_patterns': 0,
          'ui_nodes': 200,
        }),
        'has_snapshot_before': False,
        'num_events': 2,
        'session_id': 'e1e2280b-47ff-4be0-bab5-85c1ec4202a1',
        'start_time': 1746907807059,
      }),
      dict({
        'chunk_id': 'e1e2280b-47ff-4be0-bab5-85c1ec4202a1-chunk009',
        'dom_initialized_from_snapshot': False,
        'dom_state_nodes_after_init': 359,
        'dom_state_nodes_before': 359,
        'dom_state_nodes_final': 525,
        'end_time': 1746908157964,
        'features': dict({
          'dom_mutation_stats': dict({
            'add': 166,
            'attribute': 16,
            'remove': 4,
          }),
          'inter_event_delays': 29,
          'interaction_stats': dict({
            'click': 15,
          }),
          'mouse_clusters': 0,
          'reaction_delays': 11,
          'scroll_patterns': 0,
          'ui_nodes': 178,
        }),
        'has_snapshot_before': False,
        'num_events': 30,
        'session_id': 'e1e2280b-47ff-4be0-bab5-85c1ec4202a1',
        'start_time': 1746908148446,
      }),
      dict({
        'chunk_id': 'e1e2280b-47ff-4be0-bab5-85c1ec4202a1-chunk010',
        'dom_initialized_from_snapshot': False,
        'dom_state_nodes_after_init': 525,
        'dom_state_nodes_before': 525,
        'dom_state_nodes_final': 558,
        'end_time': 1746908213209,
        'features': dict({
          'dom_mutation_stats': dict({
            'add': 33,
            'attribute': 22,
            'remove': 7,
          }),
          'inter_event_delays': 52,
          'interaction_stats': dict({
            'click': 27,
          }),
          'mouse_clusters': 0,
          'reaction_delays': 19,
          'scroll_patterns': 0,
          'ui_nodes': 50,
        }),
        'has_snapshot_before': False,
        'num_events': 53,
        'session_id': 'e1e2280b-47ff-4be0-bab5-85c1ec4202a1',
        'start_time': 1746908183686,
      }),
      dict({
        'chunk_id': 'e1e2280b-47ff-4be0-bab5-85c1ec4202a1-chunk011',
        'dom_initialized_from_snapshot': False,
        'dom_state_nodes_after_init': 558,
        'dom_state_nodes_before': 558,
        'dom_state_nodes_final': 594,
        'end_time': 1746908687980,
        'features': dict({
          'dom_mutation_stats': dict({
            'add': 36,
            'attribute': 13,
            'remove': 7,
          }),
          'inter_event_delays': 41,
          'interaction_stats': dict({
            'click': 20,
          }),
          'mouse_clusters': 0,
          'reaction_delays': 19,
          'scroll_patterns': 0,
          'ui_nodes': 44,
        }),
        'has_snapshot_before': False,
        'num_events': 42,
        'session_id': 'e1e2280b-47ff-4be0-bab5-85c1ec4202a1',
        'start_time': 1746908675171,
      }),
      dict({
        'chunk_id': 'e1e2280b-47ff-4be0-bab5-85c1ec4202a1-chunk012',
        'dom_initialized_from_snapshot': False,
        'dom_state_nodes_after_init': 594,
        'dom_state_nodes_before': 594,
        'dom_state_nodes_final': 594,
        'end_time': 1746908705105,
        'features': dict({
          'dom_mutation_stats': dict({
          }),
          'inter_event_delays': 0,
          'interaction_stats': dict({
            'click': 1,
          }),
          'mouse_clusters': 0,
          'reaction_delays': 0,
          'scroll_patterns': 0,
          'ui_nodes': 1,
        }),
        'has_snapshot_before': False,
        'num_events': 1,
        'session_id': 'e1e2280b-47ff-4be0-bab5-85c1ec4202a1',
        'start_time': 1746908705105,
      }),
      dict({
        'chunk_id': 'e1e2280b-47ff-4be0-bab5-85c1ec4202a1-chunk013',
        'dom_initialized_from_snapshot': False,
        'dom_state_nodes_after_init': 594,
        'dom_state_nodes_before': 594,
        'dom_state_nodes_final': 594,
        'end_time': 1746908724213,
        'features': dict({
          'dom_mutation_stats': dict({
          }),
          'inter_event_delays': 1,
          'interaction_stats': dict({
            'click': 2,
          }),
          'mouse_clusters': 0,
          'reaction_delays': 0,
          'scroll_patterns': 0,
          'ui_nodes': 1,
        }),
        'has_snapshot_before': False,
        'num_events': 2,
        'session_id': 'e1e2280b-47ff-4be0-bab5-85c1ec4202a1',
        'start_time': 1746908723855,
      }),
    ]),
    'error': None,
  })
# ---
# name: test_full_pipeline_integration[sessions_processed]
  list([
    '08463d03-1928-4b7f-b2bc-763b73d094db',
    '25131bfa-d87f-4301-8f84-ac0c955b8f4c',
    '30497eae-825d-433d-a484-4b75074332b2',
    '6c720608-fa29-41cb-9594-5c080fc05343',
    'e1e2280b-47ff-4be0-bab5-85c1ec4202a1',
  ])
# ---
